
> college-media-backend@1.0.0 test
> cross-env NODE_ENV=test jest --runInBand

2026-01-12 21:43:24:4324 [32minfo[39m: [32mRedis disabled via environment variable[39m
node.exe : FAIL tests/users.test.js
At C:\Program Files\nodejs\npm.ps1:29 char:3
+   & $NODE_EXE $NPM_CLI_JS $args
+   ~~~~~~~~~~~~~~~~~~~~~~~~~~~~~
    + CategoryInfo          : NotSpecified: (FAIL te 
   sts/users.test.js:String) [], RemoteException
    + FullyQualifiedErrorId : NativeCommandError
 
  ΓùÅ Test suite failed to run

    Missing API key. Pass it to the constructor `new 
Resend("re_123")`

    [0m [90m 2 |[39m [36mconst[39m logger 
[33m=[39m 
require([32m'../utils/logger'[39m)[33m;[39m
     [90m 3 |[39m
    [31m[1m>[22m[39m[90m 4 |[39m 
[36mconst[39m resend [33m=[39m [36mnew[39m [33
mResend[39m(process[33m.[39menv[33m.[39m[33mRES
END_API_KEY[39m)[33m;[39m
     [90m   |[39m                
[31m[1m^[22m[39m
     [90m 5 |[39m
     [90m 6 |[39m [90m/**[39m
     [90m 7 |[39m [90m * Send OTP for password 
reset[39m[0m

      at new Resend 
(node_modules/resend/dist/index.cjs:786:25)
      at Object.<anonymous> 
(services/emailService.js:4:16)
      at Object.require (routes/auth.js:9:34)
      at Object.require (server.js:63:22)
      at Object.require (tests/setup.js:3:13)

2026-01-12 21:43:24:4324 [32minfo[39m: [32mRedis disabled via environment variable[39m
FAIL tests/auth.test.js
  ΓùÅ Test suite failed to run

    Missing API key. Pass it to the constructor `new 
Resend("re_123")`

    [0m [90m 2 |[39m [36mconst[39m logger 
[33m=[39m 
require([32m'../utils/logger'[39m)[33m;[39m
     [90m 3 |[39m
    [31m[1m>[22m[39m[90m 4 |[39m 
[36mconst[39m resend [33m=[39m [36mnew[39m [33
mResend[39m(process[33m.[39menv[33m.[39m[33mRES
END_API_KEY[39m)[33m;[39m
     [90m   |[39m                
[31m[1m^[22m[39m
     [90m 5 |[39m
     [90m 6 |[39m [90m/**[39m
     [90m 7 |[39m [90m * Send OTP for password 
reset[39m[0m

      at new Resend 
(node_modules/resend/dist/index.cjs:786:25)
      at Object.<anonymous> 
(services/emailService.js:4:16)
      at Object.require (routes/auth.js:9:34)
      at Object.require (server.js:63:22)
      at Object.require (tests/setup.js:3:13)

Test Suites: 2 failed, 2 total
Tests:       0 total
Snapshots:   0 total
Time:        1.602 s
Ran all test suites.
